x = 42
&x = 0x[0-9a-f]+
ptr = 0x[0-9a-f]+
*ptr = 42
After *ptr = 100:
x = 100
*ptr = 100