Matrix:
1 2 3 
4 5 6 
7 8 9 
Element at [1][2] = 6
After matrix[1][2] = 99, element = 99