DOUBLE(5) = 10
TRIPLE(5) = 15
DOUBLE_TRIPLE(5) = 30
ADD_DOUBLE(5, 3) = 16
QUAD(5) = 20
MULTIPLY(DOUBLE(5), TRIPLE(5)) = 150