MAX(5, 10) = 10
MIN(5, 10) = 5
SQUARE(5) = 25
ABS(-7) = 7
ABS(3) = 3
MAX(x+1, y-2) = 8
SQUARE(x+1) = 36