HEADER_VALUE = 42
HEADER_STRING = From header file
header_function(5) = 10