Initial VALUE = 10
Redefined VALUE = 20
VALUE as string = STRING