File: .*predefined_macros.c
Line: 6
Date: [A-Za-z]{3} [ 0-3][0-9] [0-9]{4}
Time: [0-2][0-9]:[0-5][0-9]:[0-5][0-9]
Standard C compliant
GCC version: [0-9]+\.[0-9]+\.[0-9]+