Decimal: 42
Hex: 42
Octal: 42
Character: A
String: Hello World
Float: 3.14
Double: 2.718