Logical operations:
a && b = 0
a || b = 1
!a = 0
!b = 1
Bitwise operations:
x & y = 2
x | y = 7
x ^ y = 5
~x = -7
x << 1 = 12
x >> 1 = 3