For loop:
i = 0
i = 1
i = 2
i = 3
i = 4
While loop:
while i = 0
while i = 1
while i = 2
Do-while loop:
do-while i = 0
do-while i = 1