Configuration:
Feature Set A enabled
  Subsystem 1 active
    High optimization for Subsystem 1
  Subsystem 2 inactive
Full feature configuration detected