Version is 2.x or higher
Version 2.1 or higher detected
Debug mode: VERBOSE
Major version defined, patch version not defined