Feature A is enabled
Feature B is disabled
Feature C is not defined
A enabled, B disabled