Platform detection:
Running on macOS
Compiled with (GCC version [0-9]+\.[0-9]+|Clang)
64-bit architecture