Person: John Doe, Age: 35
Address: 123 Main Street
New address: 456 Main Street