Advanced macro tests:
Colors via X-macro:
RED = 1 (RED)
GREEN = 2 (GREEN)
BLUE = 3 (BLUE)
YELLOW = 4 (YELLOW)

Generated functions:
test_function() = 42
demo_function() = 42